{
  "items": [
    {
      "linkTarget": "article-against-infinite-feed",
      "path": "reading/article-against-infinite-feed.md",
      "title": "Article: Against the Infinite Feed"
    },
    {
      "linkTarget": "article-filing-cabinet-problem",
      "path": "reading/article-filing-cabinet-problem.md",
      "title": "Article: The Filing Cabinet Problem"
    },
    {
      "linkTarget": "article-latency-attention",
      "path": "reading/article-latency-attention.md",
      "title": "Article: What Latency Costs Attention"
    }
  ],
  "truncated": true
}
