{
  "changed": true,
  "frontmatter": {
    "keys": [
      "title",
      "created",
      "modified",
      "status",
      "tags"
    ],
    "tags": [
      "agent"
    ],
    "title": "2026-08-03"
  },
  "path": "journal/2026-08-03.md",
  "sha256After": "5939695013594294c892f6170e117cb3a9c76fc9846531959302107b53f70386"
}
