{
  "items": [
    {
      "frontmatter": {
        "keys": [
          "title",
          "created",
          "modified",
          "status"
        ],
        "tags": [],
        "title": "Start Here"
      },
      "linkTarget": "index",
      "path": "index.md",
      "sha256": "ad0f4b5a52b43060dff3e61ef9e0783f9189db2eba9292babd290f93af530130",
      "title": "Start Here",
      "utf8": true
    },
    {
      "frontmatter": {
        "keys": [
          "title",
          "created",
          "modified",
          "status"
        ],
        "tags": [],
        "title": "Start Here"
      },
      "linkTarget": "index",
      "path": "index.md",
      "sha256": "ad0f4b5a52b43060dff3e61ef9e0783f9189db2eba9292babd290f93af530130",
      "title": "Start Here",
      "utf8": true
    }
  ],
  "truncated": false
}
