{
  "cloudOnlySkipped": 0,
  "items": [
    {
      "line": 34,
      "path": "projects/Atlas Decisions Log.md",
      "snippet": "#atlas #decision #project"
    },
    {
      "line": 34,
      "path": "projects/Atlas Field Test Notes.md",
      "snippet": "#atlas #performance #project"
    },
    {
      "line": 34,
      "path": "projects/Atlas Next Steps.md",
      "snippet": "#atlas #project #performance"
    }
  ],
  "notUtf8Skipped": 0,
  "truncated": true
}
